#-----------------------------------------------------------
# Vivado v2020.1 (64-bit)
# SW Build 2902540 on Wed May 27 19:54:49 MDT 2020
# IP Build 2902112 on Wed May 27 22:43:36 MDT 2020
# Start of session at: Wed Sep  8 08:43:00 2021
# Process ID: 3120
# Current directory: E:/Cloud/OneDrive - Universidad de Cundinamarca/Programacion/VIVADO/Registros_ROM_RAM
# Command line: vivado.exe -gui_launcher_event rodinguilauncherevent10716 E:\Cloud\OneDrive - Universidad de Cundinamarca\Programacion\VIVADO\Registros_ROM_RAM\Registros_ROM_RAM.xpr
# Log file: E:/Cloud/OneDrive - Universidad de Cundinamarca/Programacion/VIVADO/Registros_ROM_RAM/vivado.log
# Journal file: E:/Cloud/OneDrive - Universidad de Cundinamarca/Programacion/VIVADO/Registros_ROM_RAM\vivado.jou
#-----------------------------------------------------------
start_gui
open_project {E:/Cloud/OneDrive - Universidad de Cundinamarca/Programacion/VIVADO/Registros_ROM_RAM/Registros_ROM_RAM.xpr}
update_compile_order -fileset sources_1
